// Jest Snapshot v1, https://goo.gl/fbAQLP

exports[`< Logo /> component renders correctly 1`] = `
<DocumentFragment>
  <div
    class="StyledLogo-sc-1wiya5k-0 ehakiy"
  />
</DocumentFragment>
`;
